// Jest Snapshot v1, https://goo.gl/fbAQLP

exports[`ToolPage renders and matches snapshot 1`] = `<DocumentFragment />`;
